17:23:39 **** Incremental Build of configuration Debug for project iso ****
make -j8 all 
arm-none-eabi-gcc "../Core/Src/main.c" -mcpu=cortex-m4 -std=gnu11 -g3 -DDEBUG -DUSE_HAL_DRIVER -DSTM32F446xx -c -I../Core/Inc -I../Drivers/STM32F4xx_HAL_Driver/Inc -I../Drivers/STM32F4xx_HAL_Driver/Inc/Legacy -I../Drivers/CMSIS/Device/ST/STM32F4xx/Include -I../Drivers/CMSIS/Include -O0 -ffunction-sections -fdata-sections -Wall -u_printf_float -fstack-usage -fcyclomatic-complexity -MMD -MP -MF"Core/Src/main.d" -MT"Core/Src/main.o" --specs=nano.specs -mfpu=fpv4-sp-d16 -mfloat-abi=hard -mthumb -o "Core/Src/main.o"
../Core/Src/main.c: In function 'send_uart_response':
../Core/Src/main.c:74:23: warning: passing argument 2 of 'sprintf' makes pointer from integer without a cast [-Wint-conversion]
   74 |  sprintf(uart_buffer, sizeof(uart_buffer), "Duty: %lu%%, Freq: %lu Hz, Voltage: %.2fV\r\n",pwm_duty_cycle, pwm_frequency, voltage_response);
      |                       ^~~~~~~~~~~~~~~~~~~
      |                       |
      |                       unsigned int
In file included from ../Core/Src/main.c:6:
c:\st\stm32cubeide_1.12.0\stm32cubeide\plugins\com.st.stm32cube.ide.mcu.externaltools.gnu-tools-for-stm32.10.3-2021.10.win32_1.0.200.202301161003\tools\arm-none-eabi\include\stdio.h:244:32: note: expected 'const char * restrict' but argument is of type 'unsigned int'
  244 | int sprintf (char *__restrict, const char *__restrict, ...)
      |                                ^
arm-none-eabi-gcc -o "iso.elf" @"objects.list"   -mcpu=cortex-m4 -T"C:\Users\dharmik.v\Desktop\STM\iso\STM32F446RETX_FLASH.ld" --specs=nosys.specs -Wl,-Map="iso.map" -Wl,--gc-sections -static --specs=nano.specs -mfpu=fpv4-sp-d16 -mfloat-abi=hard -mthumb -Wl,--start-group -lc -lm -Wl,--end-group
Finished building target: iso.elf
 
arm-none-eabi-size   iso.elf 
arm-none-eabi-objdump -h -S  iso.elf  > "iso.list"
   text	   data	    bss	    dec	    hex	filename
  15124	    120	   1840	  17084	   42bc	iso.elf
Finished building: default.size.stdout
 
Finished building: iso.list
 
17:23:46 **** Incremental Build of configuration Debug for project iso ****
make -j8 all 
arm-none-eabi-size   iso.elf 
   text	   data	    bss	    dec	    hex	filename
  15124	    120	   1840	  17084	   42bc	iso.elf
Finished building: default.size.stdout
 
17:26:28 **** Incremental Build of configuration Debug for project iso ****
make -j8 all 
arm-none-eabi-gcc "../Core/Src/main.c" -mcpu=cortex-m4 -std=gnu11 -g3 -DDEBUG -DUSE_HAL_DRIVER -DSTM32F446xx -c -I../Core/Inc -I../Drivers/STM32F4xx_HAL_Driver/Inc -I../Drivers/STM32F4xx_HAL_Driver/Inc/Legacy -I../Drivers/CMSIS/Device/ST/STM32F4xx/Include -I../Drivers/CMSIS/Include -O0 -ffunction-sections -fdata-sections -Wall -u_printf_float -fstack-usage -fcyclomatic-complexity -MMD -MP -MF"Core/Src/main.d" -MT"Core/Src/main.o" --specs=nano.specs -mfpu=fpv4-sp-d16 -mfloat-abi=hard -mthumb -o "Core/Src/main.o"
../Core/Src/main.c: In function 'send_uart_response':
../Core/Src/main.c:74:23: warning: passing argument 2 of 'sprintf' makes pointer from integer without a cast [-Wint-conversion]
   74 |  sprintf(uart_buffer, sizeof(uart_buffer), "Duty: %lu%%, Freq: %lu Hz, Voltage: %.2fV\r\n",pwm_duty_cycle, pwm_frequency, voltage_response);
      |                       ^~~~~~~~~~~~~~~~~~~
      |                       |
      |                       unsigned int
In file included from ../Core/Src/main.c:6:
c:\st\stm32cubeide_1.12.0\stm32cubeide\plugins\com.st.stm32cube.ide.mcu.externaltools.gnu-tools-for-stm32.10.3-2021.10.win32_1.0.200.202301161003\tools\arm-none-eabi\include\stdio.h:244:32: note: expected 'const char * restrict' but argument is of type 'unsigned int'
  244 | int sprintf (char *__restrict, const char *__restrict, ...)
      |                                ^
arm-none-eabi-gcc -o "iso.elf" @"objects.list"   -mcpu=cortex-m4 -T"C:\Users\dharmik.v\Desktop\STM\iso\STM32F446RETX_FLASH.ld" --specs=nosys.specs -Wl,-Map="iso.map" -Wl,--gc-sections -static --specs=nano.specs -mfpu=fpv4-sp-d16 -mfloat-abi=hard -mthumb -Wl,--start-group -lc -lm -Wl,--end-group
Finished building target: iso.elf
 
arm-none-eabi-size   iso.elf 
arm-none-eabi-objdump -h -S  iso.elf  > "iso.list"
   text	   data	    bss	    dec	    hex	filename
  15124	    120	   1792	  17036	   428c	iso.elf
Finished building: default.size.stdout
 
Finished building: iso.list
 
17:29:49 **** Incremental Build of configuration Debug for project iso ****
make -j8 all 
arm-none-eabi-size   iso.elf 
   text	   data	    bss	    dec	    hex	filename
  15124	    120	   1792	  17036	   428c	iso.elf
Finished building: default.size.stdout
 
17:32:06 **** Incremental Build of configuration Debug for project iso ****
make -j8 all 
arm-none-eabi-gcc "../Core/Src/main.c" -mcpu=cortex-m4 -std=gnu11 -g3 -DDEBUG -DUSE_HAL_DRIVER -DSTM32F446xx -c -I../Core/Inc -I../Drivers/STM32F4xx_HAL_Driver/Inc -I../Drivers/STM32F4xx_HAL_Driver/Inc/Legacy -I../Drivers/CMSIS/Device/ST/STM32F4xx/Include -I../Drivers/CMSIS/Include -O0 -ffunction-sections -fdata-sections -Wall -u_printf_float -fstack-usage -fcyclomatic-complexity -MMD -MP -MF"Core/Src/main.d" -MT"Core/Src/main.o" --specs=nano.specs -mfpu=fpv4-sp-d16 -mfloat-abi=hard -mthumb -o "Core/Src/main.o"
../Core/Src/main.c: In function 'main':
../Core/Src/main.c:37:29: error: expected ';' before 'voltage_response'
   37 |         pwm_frequency = 1000//HAL_RCC_GetHCLKFreq() / (__HAL_TIM_GET_AUTORELOAD(&htim2) + 1);
      |                             ^
      |                             ;
......
   40 |         voltage_response = calculate_voltage(pwm_duty_cycle);
      |         ~~~~~~~~~~~~~~~~     
../Core/Src/main.c: In function 'send_uart_response':
../Core/Src/main.c:74:23: warning: passing argument 2 of 'sprintf' makes pointer from integer without a cast [-Wint-conversion]
   74 |  sprintf(uart_buffer, sizeof(uart_buffer), "Duty: %lu%%, Freq: %lu Hz, Voltage: %.2fV\r\n",pwm_duty_cycle, pwm_frequency, voltage_response);
      |                       ^~~~~~~~~~~~~~~~~~~
      |                       |
      |                       unsigned int
In file included from ../Core/Src/main.c:6:
c:\st\stm32cubeide_1.12.0\stm32cubeide\plugins\com.st.stm32cube.ide.mcu.externaltools.gnu-tools-for-stm32.10.3-2021.10.win32_1.0.200.202301161003\tools\arm-none-eabi\include\stdio.h:244:32: note: expected 'const char * restrict' but argument is of type 'unsigned int'
  244 | int sprintf (char *__restrict, const char *__restrict, ...)
      |                                ^
make: *** [Core/Src/subdir.mk:45: Core/Src/main.o] Error 1
"make -j8 all" terminated with exit code 2. Build might be incomplete.
17:32:40 **** Incremental Build of configuration Debug for project iso ****
make -j8 all 
arm-none-eabi-gcc "../Core/Src/main.c" -mcpu=cortex-m4 -std=gnu11 -g3 -DDEBUG -DUSE_HAL_DRIVER -DSTM32F446xx -c -I../Core/Inc -I../Drivers/STM32F4xx_HAL_Driver/Inc -I../Drivers/STM32F4xx_HAL_Driver/Inc/Legacy -I../Drivers/CMSIS/Device/ST/STM32F4xx/Include -I../Drivers/CMSIS/Include -O0 -ffunction-sections -fdata-sections -Wall -u_printf_float -fstack-usage -fcyclomatic-complexity -MMD -MP -MF"Core/Src/main.d" -MT"Core/Src/main.o" --specs=nano.specs -mfpu=fpv4-sp-d16 -mfloat-abi=hard -mthumb -o "Core/Src/main.o"
../Core/Src/main.c: In function 'send_uart_response':
../Core/Src/main.c:74:23: warning: passing argument 2 of 'sprintf' makes pointer from integer without a cast [-Wint-conversion]
   74 |  sprintf(uart_buffer, sizeof(uart_buffer), "Duty: %lu%%, Freq: %lu Hz, Voltage: %.2fV\r\n",pwm_duty_cycle, pwm_frequency, voltage_response);
      |                       ^~~~~~~~~~~~~~~~~~~
      |                       |
      |                       unsigned int
In file included from ../Core/Src/main.c:6:
c:\st\stm32cubeide_1.12.0\stm32cubeide\plugins\com.st.stm32cube.ide.mcu.externaltools.gnu-tools-for-stm32.10.3-2021.10.win32_1.0.200.202301161003\tools\arm-none-eabi\include\stdio.h:244:32: note: expected 'const char * restrict' but argument is of type 'unsigned int'
  244 | int sprintf (char *__restrict, const char *__restrict, ...)
      |                                ^
arm-none-eabi-gcc -o "iso.elf" @"objects.list"   -mcpu=cortex-m4 -T"C:\Users\dharmik.v\Desktop\STM\iso\STM32F446RETX_FLASH.ld" --specs=nosys.specs -Wl,-Map="iso.map" -Wl,--gc-sections -static --specs=nano.specs -mfpu=fpv4-sp-d16 -mfloat-abi=hard -mthumb -Wl,--start-group -lc -lm -Wl,--end-group
Finished building target: iso.elf
 
arm-none-eabi-size   iso.elf 
arm-none-eabi-objdump -h -S  iso.elf  > "iso.list"
   text	   data	    bss	    dec	    hex	filename
  15100	    124	   1788	  17012	   4274	iso.elf
Finished building: default.size.stdout
 
Finished building: iso.list
 
17:33:05 **** Incremental Build of configuration Debug for project iso ****
make -j8 all 
arm-none-eabi-size   iso.elf 
   text	   data	    bss	    dec	    hex	filename
  15100	    124	   1788	  17012	   4274	iso.elf
Finished building: default.size.stdout
 
17:36:15 **** Incremental Build of configuration Debug for project iso ****
make -j8 all 
arm-none-eabi-gcc "../Core/Src/main.c" -mcpu=cortex-m4 -std=gnu11 -g3 -DDEBUG -DUSE_HAL_DRIVER -DSTM32F446xx -c -I../Core/Inc -I../Drivers/STM32F4xx_HAL_Driver/Inc -I../Drivers/STM32F4xx_HAL_Driver/Inc/Legacy -I../Drivers/CMSIS/Device/ST/STM32F4xx/Include -I../Drivers/CMSIS/Include -O0 -ffunction-sections -fdata-sections -Wall -u_printf_float -fstack-usage -fcyclomatic-complexity -MMD -MP -MF"Core/Src/main.d" -MT"Core/Src/main.o" --specs=nano.specs -mfpu=fpv4-sp-d16 -mfloat-abi=hard -mthumb -o "Core/Src/main.o"
../Core/Src/main.c: In function 'send_uart_response':
../Core/Src/main.c:74:23: warning: passing argument 2 of 'sprintf' makes pointer from integer without a cast [-Wint-conversion]
   74 |  sprintf(uart_buffer, sizeof(uart_buffer), "Duty: %lu%%, Freq: %lu Hz, Voltage: %.2fV\r\n",pwm_duty_cycle, pwm_frequency, voltage_response);
      |                       ^~~~~~~~~~~~~~~~~~~
      |                       |
      |                       unsigned int
In file included from ../Core/Src/main.c:6:
c:\st\stm32cubeide_1.12.0\stm32cubeide\plugins\com.st.stm32cube.ide.mcu.externaltools.gnu-tools-for-stm32.10.3-2021.10.win32_1.0.200.202301161003\tools\arm-none-eabi\include\stdio.h:244:32: note: expected 'const char * restrict' but argument is of type 'unsigned int'
  244 | int sprintf (char *__restrict, const char *__restrict, ...)
      |                                ^
arm-none-eabi-gcc -o "iso.elf" @"objects.list"   -mcpu=cortex-m4 -T"C:\Users\dharmik.v\Desktop\STM\iso\STM32F446RETX_FLASH.ld" --specs=nosys.specs -Wl,-Map="iso.map" -Wl,--gc-sections -static --specs=nano.specs -mfpu=fpv4-sp-d16 -mfloat-abi=hard -mthumb -Wl,--start-group -lc -lm -Wl,--end-group
Finished building target: iso.elf
 
arm-none-eabi-size   iso.elf 
arm-none-eabi-objdump -h -S  iso.elf  > "iso.list"
   text	   data	    bss	    dec	    hex	filename
  15088	    128	   1784	  17000	   4268	iso.elf
Finished building: default.size.stdout
 
Finished building: iso.list
 
17:40:41 **** Incremental Build of configuration Debug for project iso ****
make -j8 all 
arm-none-eabi-size   iso.elf 
   text	   data	    bss	    dec	    hex	filename
  15088	    128	   1784	  17000	   4268	iso.elf
Finished building: default.size.stdout
 
17:41:13 **** Incremental Build of configuration Debug for project iso ****
make -j8 all 
arm-none-eabi-size   iso.elf 
   text	   data	    bss	    dec	    hex	filename
  15088	    128	   1784	  17000	   4268	iso.elf
Finished building: default.size.stdout
 
17:42:18 **** Incremental Build of configuration Debug for project iso ****
make -j8 all 
arm-none-eabi-size   iso.elf 
   text	   data	    bss	    dec	    hex	filename
  15088	    128	   1784	  17000	   4268	iso.elf
Finished building: default.size.stdout
 
